// Jest Snapshot v1, https://goo.gl/fbAQLP

exports[`Home: should render correctly and match snapshot 1`] = `
<section>
  Cześć!
</section>
`;
